// Jest Snapshot v1, https://goo.gl/fbAQLP

exports[`<Jumbotron /> should render correctly 1`] = `
<WithStyles(Grid)
  alignItems="center"
  className="Jumbotron-jumbotron-1 Jumbotron-jumbotron-1"
  container={true}
  direction="row"
  justify="center"
>
  <WithStyles(Grid)
    item={true}
    xs={12}
  >
    Jumbotron
  </WithStyles(Grid)>
</WithStyles(Grid)>
`;
